// Jest Snapshot v1, https://goo.gl/fbAQLP

exports[`Тест на добавление контента на страницу в блок #app. Тест на добавление основных блоков в #app. 1`] = `
<div
  id="app"
>
  <div
    id="error"
  />
  <div
    id="loader"
  />
  <button
    id="button"
  />
</div>
`;
